---
source: apollo-router/src/configuration/upgrade.rs
assertion_line: 409
expression: "apply_migration(&json!({ \"should\": \"stay\" }),\n&Migration::builder().action(Action::Move\n{\n    from: \"obj.field1\".to_string(), to: \"new.obj.field1\".to_string()\n}).description(\"move field1\").build(),).expect(\"expected successful migration\")"
---
{
  "should": "stay"
}
