---
source: apollo-router/src/configuration/upgrade.rs
assertion_line: 501
expression: "apply_migration(&source_doc(),\n&Migration::builder().action(Action::Change\n{\n    path: \"obj.field1\".to_string(), from: Value::Number(1u64.into()), to:\n    Value::String(\"a\".into()),\n}).description(\"change field1\").build(),).expect(\"expected successful migration\")"
---
{
  "obj": {
    "field1": "a",
    "field2": 2
  },
  "arr": [
    "v1",
    "v2"
  ]
}
