---
source: apollo-router/src/plugins/authorization/policy.rs
assertion_line: 1258
expression: "TestResult\n{\n    query: QUERY2, extracted_policies: &extracted_policies,\n    successful_policies: Vec::new(), result: doc, paths\n}"
---
query:

        query {
            test
            itf {
                ... on A {
                    id
                }
                ... on B {
                    id
                }
            }
        }
        
extracted_policies: {"a", "b", "itf"}
successful policies: []
filtered:
{
  test
}

paths: ["/itf"]
