---
source: apollo-router/src/plugins/authorization/policy.rs
assertion_line: 914
expression: "TestResult\n{\n    query: QUERY, extracted_policies: &extracted_policies,\n    successful_policies: Vec::new(), result: doc, paths\n}"
---
query:

        query {
            topProducts {
                type
            }

            me {
                name
            }
        }
        
extracted_policies: {"profile", "read user", "read username"}
successful policies: []
filtered:
{
  topProducts {
    type
  }
}

paths: ["/me"]
