---
source: apollo-router/src/plugins/authorization/scopes.rs
assertion_line: 1004
expression: "TestResult\n{\n    query: QUERY, extracted_scopes: &extracted_scopes, scopes: Vec::new(),\n    result: doc, paths\n}"
---
query:

        query {
            topProducts {
                type
                publicReviews {
                    body
                    author {
                        name
                    }
                }
            }
        }
        
extracted_scopes: {"read:user", "read:username", "review"}
request scopes: []
filtered:
{
  topProducts {
    type
  }
}

paths: ["/topProducts/publicReviews/@"]
