---
source: apollo-router/src/services/supergraph/tests.rs
assertion_line: 1222
expression: stream.next_response().await.unwrap()
---
{
  "data": {
    "userWasCreated": null
  },
  "errors": [
    {
      "message": "cannot fetch the name",
      "extensions": {
        "code": "INVALID"
      }
    }
  ]
}
