---
source: apollo-router/src/services/supergraph/tests.rs
assertion_line: 712
expression: stream.next_response().await.unwrap()
---
{
  "hasNext": false,
  "incremental": [
    {
      "data": {
        "errorField": null
      },
      "path": [
        "computer"
      ],
      "errors": [
        {
          "message": "Error field",
          "path": [
            "computer",
            "errorField"
          ],
          "extensions": {
            "service": "computers"
          }
        }
      ]
    }
  ]
}
