---
source: apollo-router/src/services/supergraph/tests.rs
assertion_line: 710
expression: stream.next_response().await.unwrap()
---
{
  "data": {
    "computer": {
      "id": "Computer1"
    }
  },
  "errors": [
    {
      "message": "Subgraph error with invalid path",
      "extensions": {
        "service": "computers"
      }
    },
    {
      "message": "Subgraph error with partially valid path",
      "extensions": {
        "service": "computers"
      }
    }
  ],
  "hasNext": true
}
